Windows fatal exception: access violation

Current thread 0x000043e8 (most recent call first):
  File "<frozen importlib._bootstrap>", line 241 in _call_with_frames_removed
  File "<frozen importlib._bootstrap_external>", line 1176 in create_module
  File "<frozen importlib._bootstrap>", line 571 in module_from_spec
  File "<frozen importlib._bootstrap>", line 674 in _load_unlocked
  File "<frozen importlib._bootstrap>", line 1006 in _find_and_load_unlocked
  File "<frozen importlib._bootstrap>", line 1027 in _find_and_load
  File "C:\Users\crypt\AppData\Local\Programs\Python\Python310\lib\site-packages\onnxruntime\capi\_pybind_state.py", line 32 in <module>
  File "<frozen importlib._bootstrap>", line 241 in _call_with_frames_removed
  File "<frozen importlib._bootstrap_external>", line 883 in exec_module
  File "<frozen importlib._bootstrap>", line 688 in _load_unlocked
  File "<frozen importlib._bootstrap>", line 1006 in _find_and_load_unlocked
  File "<frozen importlib._bootstrap>", line 1027 in _find_and_load
  File "C:\Users\crypt\AppData\Local\Programs\Python\Python310\lib\site-packages\onnxruntime\__init__.py", line 24 in <module>
  File "<frozen importlib._bootstrap>", line 241 in _call_with_frames_removed
  File "<frozen importlib._bootstrap_external>", line 883 in exec_module
  File "<frozen importlib._bootstrap>", line 688 in _load_unlocked
  File "<frozen importlib._bootstrap>", line 1006 in _find_and_load_unlocked
  File "<frozen importlib._bootstrap>", line 1027 in _find_and_load
  File "C:\Users\crypt\Downloads\Ai projects\websites\Inprogress\Qualcom\EdgeSight\inference\python_infer.py", line 16 in <module>
  File "<frozen importlib._bootstrap>", line 241 in _call_with_frames_removed
  File "<frozen importlib._bootstrap_external>", line 883 in exec_module
  File "<frozen importlib._bootstrap>", line 688 in _load_unlocked
  File "<frozen importlib._bootstrap>", line 1006 in _find_and_load_unlocked
  File "<frozen importlib._bootstrap>", line 1027 in _find_and_load
  File "C:\Users\crypt\Downloads\Ai projects\websites\Inprogress\Qualcom\EdgeSight\tests\test_python_infer.py", line 20 in <module>
  File "C:\Users\crypt\AppData\Local\Programs\Python\Python310\lib\site-packages\_pytest\assertion\rewrite.py", line 186 in exec_module
  File "<frozen importlib._bootstrap>", line 688 in _load_unlocked
  File "<frozen importlib._bootstrap>", line 1006 in _find_and_load_unlocked
  File "<frozen importlib._bootstrap>", line 1027 in _find_and_load
  File "<frozen importlib._bootstrap>", line 1050 in _gcd_import
  File "C:\Users\crypt\AppData\Local\Programs\Python\Python310\lib\importlib\__init__.py", line 126 in import_module
  File "C:\Users\crypt\AppData\Local\Programs\Python\Python310\lib\site-packages\_pytest\pathlib.py", line 567 in import_path
  File "C:\Users\crypt\AppData\Local\Programs\Python\Python310\lib\site-packages\_pytest\python.py", line 617 in _importtestmodule
  File "C:\Users\crypt\AppData\Local\Programs\Python\Python310\lib\site-packages\_pytest\python.py", line 528 in _getobj
  File "C:\Users\crypt\AppData\Local\Programs\Python\Python310\lib\site-packages\_pytest\python.py", line 310 in obj
  File "C:\Users\crypt\AppData\Local\Programs\Python\Python310\lib\site-packages\_pytest\python.py", line 545 in _inject_setup_module_fixture
  File "C:\Users\crypt\AppData\Local\Programs\Python\Python310\lib\site-packages\_pytest\python.py", line 531 in collect
  File "C:\Users\crypt\AppData\Local\Programs\Python\Python310\lib\site-packages\_pytest\runner.py", line 372 in <lambda>
  File "C:\Users\crypt\AppData\Local\Programs\Python\Python310\lib\site-packages\_pytest\runner.py", line 341 in from_call
  File "C:\Users\crypt\AppData\Local\Programs\Python\Python310\lib\site-packages\_pytest\runner.py", line 372 in pytest_make_collect_report
  File "C:\Users\crypt\AppData\Local\Programs\Python\Python310\lib\site-packages\pluggy\_callers.py", line 121 in _multicall
  File "C:\Users\crypt\AppData\Local\Programs\Python\Python310\lib\site-packages\pluggy\_manager.py", line 120 in _hookexec
  File "C:\Users\crypt\AppData\Local\Programs\Python\Python310\lib\site-packages\pluggy\_hooks.py", line 512 in __call__
  File "C:\Users\crypt\AppData\Local\Programs\Python\Python310\lib\site-packages\_pytest\runner.py", line 547 in collect_one_node
  File "C:\Users\crypt\AppData\Local\Programs\Python\Python310\lib\site-packages\_pytest\main.py", line 842 in genitems
  File "C:\Users\crypt\AppData\Local\Programs\Python\Python310\lib\site-packages\_pytest\main.py", line 675 in perform_collect
  File "C:\Users\crypt\AppData\Local\Programs\Python\Python310\lib\site-packages\_pytest\main.py", line 335 in pytest_collection
  File "C:\Users\crypt\AppData\Local\Programs\Python\Python310\lib\site-packages\pluggy\_callers.py", line 121 in _multicall
  File "C:\Users\crypt\AppData\Local\Programs\Python\Python310\lib\site-packages\pluggy\_manager.py", line 120 in _hookexec
  File "C:\Users\crypt\AppData\Local\Programs\Python\Python310\lib\site-packages\pluggy\_hooks.py", line 512 in __call__
  File "C:\Users\crypt\AppData\Local\Programs\Python\Python310\lib\site-packages\_pytest\main.py", line 324 in _main
  File "C:\Users\crypt\AppData\Local\Programs\Python\Python310\lib\site-packages\_pytest\main.py", line 271 in wrap_session
  File "C:\Users\crypt\AppData\Local\Programs\Python\Python310\lib\site-packages\_pytest\main.py", line 318 in pytest_cmdline_main
  File "C:\Users\crypt\AppData\Local\Programs\Python\Python310\lib\site-packages\pluggy\_callers.py", line 121 in _multicall
  File "C:\Users\crypt\AppData\Local\Programs\Python\Python310\lib\site-packages\pluggy\_manager.py", line 120 in _hookexec
  File "C:\Users\crypt\AppData\Local\Programs\Python\Python310\lib\site-packages\pluggy\_hooks.py", line 512 in __call__
  File "C:\Users\crypt\AppData\Local\Programs\Python\Python310\lib\site-packages\_pytest\config\__init__.py", line 169 in main
  File "C:\Users\crypt\AppData\Local\Programs\Python\Python310\lib\site-packages\_pytest\config\__init__.py", line 192 in console_main
  File "C:\Users\crypt\AppData\Local\Programs\Python\Python310\Scripts\pytest.exe\__main__.py", line 7 in <module>
  File "C:\Users\crypt\AppData\Local\Programs\Python\Python310\lib\runpy.py", line 86 in _run_code
  File "C:\Users\crypt\AppData\Local\Programs\Python\Python310\lib\runpy.py", line 196 in _run_module_as_main
============================= test session starts =============================
platform win32 -- Python 3.10.6, pytest-7.4.3, pluggy-1.6.0
PyQt6 6.6.1 -- Qt runtime 6.6.1 -- Qt compiled 6.6.1
rootdir: C:\Users\crypt\Downloads\Ai projects\websites\Inprogress\Qualcom\EdgeSight
plugins: anyio-3.7.1, hydra-core-1.3.2, asyncio-0.21.1, cov-7.0.0, mock-3.15.1, qt-4.5.0
asyncio: mode=strict
collected 0 items / 1 error

=================================== ERRORS ====================================
_________________ ERROR collecting tests/test_python_infer.py _________________
ImportError while importing test module 'C:\Users\crypt\Downloads\Ai projects\websites\Inprogress\Qualcom\EdgeSight\tests\test_python_infer.py'.
Hint: make sure your test modules/packages have valid Python names.
Traceback:
C:\Users\crypt\AppData\Local\Programs\Python\Python310\lib\importlib\__init__.py:126: in import_module
    return _bootstrap._gcd_import(name[level:], package, level)
tests\test_python_infer.py:20: in <module>
    from inference.python_infer import PythonFallDetector
inference\python_infer.py:16: in <module>
    import onnxruntime as ort
C:\Users\crypt\AppData\Local\Programs\Python\Python310\lib\site-packages\onnxruntime\__init__.py:74: in <module>
    raise import_capi_exception
C:\Users\crypt\AppData\Local\Programs\Python\Python310\lib\site-packages\onnxruntime\__init__.py:24: in <module>
    from onnxruntime.capi._pybind_state import (
C:\Users\crypt\AppData\Local\Programs\Python\Python310\lib\site-packages\onnxruntime\capi\_pybind_state.py:32: in <module>
    from .onnxruntime_pybind11_state import *  # noqa
E   ImportError: DLL load failed while importing onnxruntime_pybind11_state: A dynamic link library (DLL) initialization routine failed.
=========================== short test summary info ===========================
ERROR tests/test_python_infer.py
!!!!!!!!!!!!!!!!!!! Interrupted: 1 error during collection !!!!!!!!!!!!!!!!!!!!
============================== 1 error in 11.91s ==============================
